======================================================================
HIGH-QUALITY STATION INVERSION (dM = 0.01)
======================================================================

Reading data...
Loaded 10 stations
Processing data...
Downloading Green's functions from Syngine...

Phase 1: Coarse magnitude search...
    Misfit function evaluates
      (Σ ∫ |d(t) - s(t-t_s)|² dt) / NF

    where the sum is over components
      Z, R, T

    and where
      d(t) is observed data
      s(t) is synthetic data
      t_s is a cross-correlation time shift
      NF = Σ ∫ |d(t)|² dt is a normalization factor

    Misfit function type:
    WaveformMisfit

    Misfit function implementation:
    numba

    Number of misfit evaluations: 210,000

    percent finished:  0.0
    percent finished:  25.0
    percent finished:  50.0
    percent finished:  75.0

    Elapsed time (s): 1.836

    Misfit function evaluates
      (Σ ∫ |d(t) - s(t-t_s)|² dt) / NF

    where the sum is over components
      Z, R

    and where
      d(t) is observed data
      s(t) is synthetic data
      t_s is a cross-correlation time shift
      NF = Σ ∫ |d(t)|² dt is a normalization factor

    Misfit function type:
    WaveformMisfit

    Misfit function implementation:
    numba

    Number of misfit evaluations: 210,000

    percent finished:  0.0
    percent finished:  25.0
    percent finished:  50.0
    percent finished:  75.0

    Elapsed time (s): 0.661

  Mw 5.80: misfit = 0.369558
    Misfit function evaluates
      (Σ ∫ |d(t) - s(t-t_s)|² dt) / NF

    where the sum is over components
      Z, R, T

    and where
      d(t) is observed data
      s(t) is synthetic data
      t_s is a cross-correlation time shift
      NF = Σ ∫ |d(t)|² dt is a normalization factor

    Misfit function type:
    WaveformMisfit

    Misfit function implementation:
    numba

    Number of misfit evaluations: 210,000

    percent finished:  0.0
    percent finished:  25.0
    percent finished:  50.0
    percent finished:  75.0

    Elapsed time (s): 1.004

    Misfit function evaluates
      (Σ ∫ |d(t) - s(t-t_s)|² dt) / NF

    where the sum is over components
      Z, R

    and where
      d(t) is observed data
      s(t) is synthetic data
      t_s is a cross-correlation time shift
      NF = Σ ∫ |d(t)|² dt is a normalization factor

    Misfit function type:
    WaveformMisfit

    Misfit function implementation:
    numba

    Number of misfit evaluations: 210,000

    percent finished:  0.0
    percent finished:  25.0
    percent finished:  50.0
    percent finished:  75.0

    Elapsed time (s): 0.641

  Mw 5.90: misfit = 0.237470
    Misfit function evaluates
      (Σ ∫ |d(t) - s(t-t_s)|² dt) / NF

    where the sum is over components
      Z, R, T

    and where
      d(t) is observed data
      s(t) is synthetic data
      t_s is a cross-correlation time shift
      NF = Σ ∫ |d(t)|² dt is a normalization factor

    Misfit function type:
    WaveformMisfit

    Misfit function implementation:
    numba

    Number of misfit evaluations: 210,000

    percent finished:  0.0
    percent finished:  25.0
    percent finished:  50.0
    percent finished:  75.0

    Elapsed time (s): 1.000

    Misfit function evaluates
      (Σ ∫ |d(t) - s(t-t_s)|² dt) / NF

    where the sum is over components
      Z, R

    and where
      d(t) is observed data
      s(t) is synthetic data
      t_s is a cross-correlation time shift
      NF = Σ ∫ |d(t)|² dt is a normalization factor

    Misfit function type:
    WaveformMisfit

    Misfit function implementation:
    numba

    Number of misfit evaluations: 210,000

    percent finished:  0.0
    percent finished:  25.0
    percent finished:  50.0
    percent finished:  75.0

    Elapsed time (s): 0.640

  Mw 6.00: misfit = 0.165801
    Misfit function evaluates
      (Σ ∫ |d(t) - s(t-t_s)|² dt) / NF

    where the sum is over components
      Z, R, T

    and where
      d(t) is observed data
      s(t) is synthetic data
      t_s is a cross-correlation time shift
      NF = Σ ∫ |d(t)|² dt is a normalization factor

    Misfit function type:
    WaveformMisfit

    Misfit function implementation:
    numba

    Number of misfit evaluations: 210,000

    percent finished:  0.0
    percent finished:  25.0
    percent finished:  50.0
    percent finished:  75.0

    Elapsed time (s): 0.992

    Misfit function evaluates
      (Σ ∫ |d(t) - s(t-t_s)|² dt) / NF

    where the sum is over components
      Z, R

    and where
      d(t) is observed data
      s(t) is synthetic data
      t_s is a cross-correlation time shift
      NF = Σ ∫ |d(t)|² dt is a normalization factor

    Misfit function type:
    WaveformMisfit

    Misfit function implementation:
    numba

    Number of misfit evaluations: 210,000

    percent finished:  0.0
    percent finished:  25.0
    percent finished:  50.0
    percent finished:  75.0

    Elapsed time (s): 0.637

  Mw 6.10: misfit = 0.225158
    Misfit function evaluates
      (Σ ∫ |d(t) - s(t-t_s)|² dt) / NF

    where the sum is over components
      Z, R, T

    and where
      d(t) is observed data
      s(t) is synthetic data
      t_s is a cross-correlation time shift
      NF = Σ ∫ |d(t)|² dt is a normalization factor

    Misfit function type:
    WaveformMisfit

    Misfit function implementation:
    numba

    Number of misfit evaluations: 210,000

    percent finished:  0.0
    percent finished:  25.0
    percent finished:  50.0
    percent finished:  75.0

    Elapsed time (s): 0.994

    Misfit function evaluates
      (Σ ∫ |d(t) - s(t-t_s)|² dt) / NF

    where the sum is over components
      Z, R

    and where
      d(t) is observed data
      s(t) is synthetic data
      t_s is a cross-correlation time shift
      NF = Σ ∫ |d(t)|² dt is a normalization factor

    Misfit function type:
    WaveformMisfit

    Misfit function implementation:
    numba

    Number of misfit evaluations: 210,000

    percent finished:  0.0
    percent finished:  25.0
    percent finished:  50.0
    percent finished:  75.0

    Elapsed time (s): 0.639

  Mw 6.20: misfit = 0.409680

Best coarse magnitude: Mw 6.00

Phase 2: Fine magnitude search (dM = 0.01)...
Testing 31 magnitudes from 5.85 to 6.15
    Misfit function evaluates
      (Σ ∫ |d(t) - s(t-t_s)|² dt) / NF

    where the sum is over components
      Z, R, T

    and where
      d(t) is observed data
      s(t) is synthetic data
      t_s is a cross-correlation time shift
      NF = Σ ∫ |d(t)|² dt is a normalization factor

    Misfit function type:
    WaveformMisfit

    Misfit function implementation:
    numba

    Number of misfit evaluations: 518,400

    percent finished:  0.0
    percent finished:  25.0
    percent finished:  50.0
    percent finished:  75.0

    Elapsed time (s): 2.722

    Misfit function evaluates
      (Σ ∫ |d(t) - s(t-t_s)|² dt) / NF

    where the sum is over components
      Z, R

    and where
      d(t) is observed data
      s(t) is synthetic data
      t_s is a cross-correlation time shift
      NF = Σ ∫ |d(t)|² dt is a normalization factor

    Misfit function type:
    WaveformMisfit

    Misfit function implementation:
    numba

    Number of misfit evaluations: 518,400

    percent finished:  0.0
    percent finished:  25.0
    percent finished:  50.0
    percent finished:  75.0

    Elapsed time (s): 1.623

  Mw 5.85: misfit = 0.334601
    Misfit function evaluates
      (Σ ∫ |d(t) - s(t-t_s)|² dt) / NF

    where the sum is over components
      Z, R, T

    and where
      d(t) is observed data
      s(t) is synthetic data
      t_s is a cross-correlation time shift
      NF = Σ ∫ |d(t)|² dt is a normalization factor

    Misfit function type:
    WaveformMisfit

    Misfit function implementation:
    numba

    Number of misfit evaluations: 518,400

    percent finished:  0.0
    percent finished:  25.0
    percent finished:  50.0
    percent finished:  75.0

    Elapsed time (s): 2.451

    Misfit function evaluates
      (Σ ∫ |d(t) - s(t-t_s)|² dt) / NF

    where the sum is over components
      Z, R

    and where
      d(t) is observed data
      s(t) is synthetic data
      t_s is a cross-correlation time shift
      NF = Σ ∫ |d(t)|² dt is a normalization factor

    Misfit function type:
    WaveformMisfit

    Misfit function implementation:
    numba

    Number of misfit evaluations: 518,400

    percent finished:  0.0
    percent finished:  25.0
    percent finished:  50.0
    percent finished:  75.0

    Elapsed time (s): 1.570

  Mw 5.86: misfit = 0.322226
    Misfit function evaluates
      (Σ ∫ |d(t) - s(t-t_s)|² dt) / NF

    where the sum is over components
      Z, R, T

    and where
      d(t) is observed data
      s(t) is synthetic data
      t_s is a cross-correlation time shift
      NF = Σ ∫ |d(t)|² dt is a normalization factor

    Misfit function type:
    WaveformMisfit

    Misfit function implementation:
    numba

    Number of misfit evaluations: 518,400

    percent finished:  0.0
    percent finished:  25.0
    percent finished:  50.0
    percent finished:  75.0

    Elapsed time (s): 2.423

    Misfit function evaluates
      (Σ ∫ |d(t) - s(t-t_s)|² dt) / NF

    where the sum is over components
      Z, R

    and where
      d(t) is observed data
      s(t) is synthetic data
      t_s is a cross-correlation time shift
      NF = Σ ∫ |d(t)|² dt is a normalization factor

    Misfit function type:
    WaveformMisfit

    Misfit function implementation:
    numba

    Number of misfit evaluations: 518,400

    percent finished:  0.0
    percent finished:  25.0
    percent finished:  50.0
    percent finished:  75.0

    Elapsed time (s): 1.548

  Mw 5.87: misfit = 0.310204
    Misfit function evaluates
      (Σ ∫ |d(t) - s(t-t_s)|² dt) / NF

    where the sum is over components
      Z, R, T

    and where
      d(t) is observed data
      s(t) is synthetic data
      t_s is a cross-correlation time shift
      NF = Σ ∫ |d(t)|² dt is a normalization factor

    Misfit function type:
    WaveformMisfit

    Misfit function implementation:
    numba

    Number of misfit evaluations: 518,400

    percent finished:  0.0
    percent finished:  25.0
    percent finished:  50.0
    percent finished:  75.0

    Elapsed time (s): 2.432

    Misfit function evaluates
      (Σ ∫ |d(t) - s(t-t_s)|² dt) / NF

    where the sum is over components
      Z, R

    and where
      d(t) is observed data
      s(t) is synthetic data
      t_s is a cross-correlation time shift
      NF = Σ ∫ |d(t)|² dt is a normalization factor

    Misfit function type:
    WaveformMisfit

    Misfit function implementation:
    numba

    Number of misfit evaluations: 518,400

    percent finished:  0.0
    percent finished:  25.0
    percent finished:  50.0
    percent finished:  75.0

    Elapsed time (s): 1.567

  Mw 5.88: misfit = 0.298603
    Misfit function evaluates
      (Σ ∫ |d(t) - s(t-t_s)|² dt) / NF

    where the sum is over components
      Z, R, T

    and where
      d(t) is observed data
      s(t) is synthetic data
      t_s is a cross-correlation time shift
      NF = Σ ∫ |d(t)|² dt is a normalization factor

    Misfit function type:
    WaveformMisfit

    Misfit function implementation:
    numba

    Number of misfit evaluations: 518,400

    percent finished:  0.0
    percent finished:  25.0
    percent finished:  50.0
    percent finished:  75.0

    Elapsed time (s): 2.445

    Misfit function evaluates
      (Σ ∫ |d(t) - s(t-t_s)|² dt) / NF

    where the sum is over components
      Z, R

    and where
      d(t) is observed data
      s(t) is synthetic data
      t_s is a cross-correlation time shift
      NF = Σ ∫ |d(t)|² dt is a normalization factor

    Misfit function type:
    WaveformMisfit

    Misfit function implementation:
    numba

    Number of misfit evaluations: 518,400

    percent finished:  0.0
    percent finished:  25.0
    percent finished:  50.0
    percent finished:  75.0

    Elapsed time (s): 1.550

  Mw 5.89: misfit = 0.287444
    Misfit function evaluates
      (Σ ∫ |d(t) - s(t-t_s)|² dt) / NF

    where the sum is over components
      Z, R, T

    and where
      d(t) is observed data
      s(t) is synthetic data
      t_s is a cross-correlation time shift
      NF = Σ ∫ |d(t)|² dt is a normalization factor

    Misfit function type:
    WaveformMisfit

    Misfit function implementation:
    numba

    Number of misfit evaluations: 518,400

    percent finished:  0.0
    percent finished:  25.0
    percent finished:  50.0
    percent finished:  75.0

    Elapsed time (s): 2.431

    Misfit function evaluates
      (Σ ∫ |d(t) - s(t-t_s)|² dt) / NF

    where the sum is over components
      Z, R

    and where
      d(t) is observed data
      s(t) is synthetic data
      t_s is a cross-correlation time shift
      NF = Σ ∫ |d(t)|² dt is a normalization factor

    Misfit function type:
    WaveformMisfit

    Misfit function implementation:
    numba

    Number of misfit evaluations: 518,400

    percent finished:  0.0
    percent finished:  25.0
    percent finished:  50.0
    percent finished:  75.0

    Elapsed time (s): 1.544

  Mw 5.90: misfit = 0.275018
    Misfit function evaluates
      (Σ ∫ |d(t) - s(t-t_s)|² dt) / NF

    where the sum is over components
      Z, R, T

    and where
      d(t) is observed data
      s(t) is synthetic data
      t_s is a cross-correlation time shift
      NF = Σ ∫ |d(t)|² dt is a normalization factor

    Misfit function type:
    WaveformMisfit

    Misfit function implementation:
    numba

    Number of misfit evaluations: 518,400

    percent finished:  0.0
    percent finished:  25.0
    percent finished:  50.0
    percent finished:  75.0

    Elapsed time (s): 2.442

    Misfit function evaluates
      (Σ ∫ |d(t) - s(t-t_s)|² dt) / NF

    where the sum is over components
      Z, R

    and where
      d(t) is observed data
      s(t) is synthetic data
      t_s is a cross-correlation time shift
      NF = Σ ∫ |d(t)|² dt is a normalization factor

    Misfit function type:
    WaveformMisfit

    Misfit function implementation:
    numba

    Number of misfit evaluations: 518,400

    percent finished:  0.0
    percent finished:  25.0
    percent finished:  50.0
    percent finished:  75.0

    Elapsed time (s): 1.550

  Mw 5.91: misfit = 0.262932
    Misfit function evaluates
      (Σ ∫ |d(t) - s(t-t_s)|² dt) / NF

    where the sum is over components
      Z, R, T

    and where
      d(t) is observed data
      s(t) is synthetic data
      t_s is a cross-correlation time shift
      NF = Σ ∫ |d(t)|² dt is a normalization factor

    Misfit function type:
    WaveformMisfit

    Misfit function implementation:
    numba

    Number of misfit evaluations: 518,400

    percent finished:  0.0
    percent finished:  25.0
    percent finished:  50.0
    percent finished:  75.0

    Elapsed time (s): 2.422

    Misfit function evaluates
      (Σ ∫ |d(t) - s(t-t_s)|² dt) / NF

    where the sum is over components
      Z, R

    and where
      d(t) is observed data
      s(t) is synthetic data
      t_s is a cross-correlation time shift
      NF = Σ ∫ |d(t)|² dt is a normalization factor

    Misfit function type:
    WaveformMisfit

    Misfit function implementation:
    numba

    Number of misfit evaluations: 518,400

    percent finished:  0.0
    percent finished:  25.0
    percent finished:  50.0
    percent finished:  75.0

    Elapsed time (s): 1.622

  Mw 5.92: misfit = 0.251037
    Misfit function evaluates
      (Σ ∫ |d(t) - s(t-t_s)|² dt) / NF

    where the sum is over components
      Z, R, T

    and where
      d(t) is observed data
      s(t) is synthetic data
      t_s is a cross-correlation time shift
      NF = Σ ∫ |d(t)|² dt is a normalization factor

    Misfit function type:
    WaveformMisfit

    Misfit function implementation:
    numba

    Number of misfit evaluations: 518,400

    percent finished:  0.0
    percent finished:  25.0
    percent finished:  50.0
    percent finished:  75.0

    Elapsed time (s): 2.447

    Misfit function evaluates
      (Σ ∫ |d(t) - s(t-t_s)|² dt) / NF

    where the sum is over components
      Z, R

    and where
      d(t) is observed data
      s(t) is synthetic data
      t_s is a cross-correlation time shift
      NF = Σ ∫ |d(t)|² dt is a normalization factor

    Misfit function type:
    WaveformMisfit

    Misfit function implementation:
    numba

    Number of misfit evaluations: 518,400

    percent finished:  0.0
    percent finished:  25.0
    percent finished:  50.0
    percent finished:  75.0

    Elapsed time (s): 1.549

  Mw 5.93: misfit = 0.239726
    Misfit function evaluates
      (Σ ∫ |d(t) - s(t-t_s)|² dt) / NF

    where the sum is over components
      Z, R, T

    and where
      d(t) is observed data
      s(t) is synthetic data
      t_s is a cross-correlation time shift
      NF = Σ ∫ |d(t)|² dt is a normalization factor

    Misfit function type:
    WaveformMisfit

    Misfit function implementation:
    numba

    Number of misfit evaluations: 518,400

    percent finished:  0.0
    percent finished:  25.0
    percent finished:  50.0
    percent finished:  75.0

    Elapsed time (s): 2.422

    Misfit function evaluates
      (Σ ∫ |d(t) - s(t-t_s)|² dt) / NF

    where the sum is over components
      Z, R

    and where
      d(t) is observed data
      s(t) is synthetic data
      t_s is a cross-correlation time shift
      NF = Σ ∫ |d(t)|² dt is a normalization factor

    Misfit function type:
    WaveformMisfit

    Misfit function implementation:
    numba

    Number of misfit evaluations: 518,400

    percent finished:  0.0
    percent finished:  25.0
    percent finished:  50.0
    percent finished:  75.0

    Elapsed time (s): 1.551

  Mw 5.94: misfit = 0.229090
    Misfit function evaluates
      (Σ ∫ |d(t) - s(t-t_s)|² dt) / NF

    where the sum is over components
      Z, R, T

    and where
      d(t) is observed data
      s(t) is synthetic data
      t_s is a cross-correlation time shift
      NF = Σ ∫ |d(t)|² dt is a normalization factor

    Misfit function type:
    WaveformMisfit

    Misfit function implementation:
    numba

    Number of misfit evaluations: 518,400

    percent finished:  0.0
    percent finished:  25.0
    percent finished:  50.0
    percent finished:  75.0

    Elapsed time (s): 2.428

    Misfit function evaluates
      (Σ ∫ |d(t) - s(t-t_s)|² dt) / NF

    where the sum is over components
      Z, R

    and where
      d(t) is observed data
      s(t) is synthetic data
      t_s is a cross-correlation time shift
      NF = Σ ∫ |d(t)|² dt is a normalization factor

    Misfit function type:
    WaveformMisfit

    Misfit function implementation:
    numba

    Number of misfit evaluations: 518,400

    percent finished:  0.0
    percent finished:  25.0
    percent finished:  50.0
    percent finished:  75.0

    Elapsed time (s): 1.558

  Mw 5.95: misfit = 0.219231
    Misfit function evaluates
      (Σ ∫ |d(t) - s(t-t_s)|² dt) / NF

    where the sum is over components
      Z, R, T

    and where
      d(t) is observed data
      s(t) is synthetic data
      t_s is a cross-correlation time shift
      NF = Σ ∫ |d(t)|² dt is a normalization factor

    Misfit function type:
    WaveformMisfit

    Misfit function implementation:
    numba

    Number of misfit evaluations: 518,400

    percent finished:  0.0
    percent finished:  25.0
    percent finished:  50.0
    percent finished:  75.0

    Elapsed time (s): 2.440

    Misfit function evaluates
      (Σ ∫ |d(t) - s(t-t_s)|² dt) / NF

    where the sum is over components
      Z, R

    and where
      d(t) is observed data
      s(t) is synthetic data
      t_s is a cross-correlation time shift
      NF = Σ ∫ |d(t)|² dt is a normalization factor

    Misfit function type:
    WaveformMisfit

    Misfit function implementation:
    numba

    Number of misfit evaluations: 518,400

    percent finished:  0.0
    percent finished:  25.0
    percent finished:  50.0
    percent finished:  75.0

    Elapsed time (s): 1.567

  Mw 5.96: misfit = 0.210258
    Misfit function evaluates
      (Σ ∫ |d(t) - s(t-t_s)|² dt) / NF

    where the sum is over components
      Z, R, T

    and where
      d(t) is observed data
      s(t) is synthetic data
      t_s is a cross-correlation time shift
      NF = Σ ∫ |d(t)|² dt is a normalization factor

    Misfit function type:
    WaveformMisfit

    Misfit function implementation:
    numba

    Number of misfit evaluations: 518,400

    percent finished:  0.0
    percent finished:  25.0
    percent finished:  50.0
    percent finished:  75.0

    Elapsed time (s): 2.442

    Misfit function evaluates
      (Σ ∫ |d(t) - s(t-t_s)|² dt) / NF

    where the sum is over components
      Z, R

    and where
      d(t) is observed data
      s(t) is synthetic data
      t_s is a cross-correlation time shift
      NF = Σ ∫ |d(t)|² dt is a normalization factor

    Misfit function type:
    WaveformMisfit

    Misfit function implementation:
    numba

    Number of misfit evaluations: 518,400

    percent finished:  0.0
    percent finished:  25.0
    percent finished:  50.0
    percent finished:  75.0

    Elapsed time (s): 1.565

  Mw 5.97: misfit = 0.202290
    Misfit function evaluates
      (Σ ∫ |d(t) - s(t-t_s)|² dt) / NF

    where the sum is over components
      Z, R, T

    and where
      d(t) is observed data
      s(t) is synthetic data
      t_s is a cross-correlation time shift
      NF = Σ ∫ |d(t)|² dt is a normalization factor

    Misfit function type:
    WaveformMisfit

    Misfit function implementation:
    numba

    Number of misfit evaluations: 518,400

    percent finished:  0.0
    percent finished:  25.0
    percent finished:  50.0
    percent finished:  75.0

    Elapsed time (s): 2.431

    Misfit function evaluates
      (Σ ∫ |d(t) - s(t-t_s)|² dt) / NF

    where the sum is over components
      Z, R

    and where
      d(t) is observed data
      s(t) is synthetic data
      t_s is a cross-correlation time shift
      NF = Σ ∫ |d(t)|² dt is a normalization factor

    Misfit function type:
    WaveformMisfit

    Misfit function implementation:
    numba

    Number of misfit evaluations: 518,400

    percent finished:  0.0
    percent finished:  25.0
    percent finished:  50.0
    percent finished:  75.0

    Elapsed time (s): 1.560

  Mw 5.98: misfit = 0.195457
    Misfit function evaluates
      (Σ ∫ |d(t) - s(t-t_s)|² dt) / NF

    where the sum is over components
      Z, R, T

    and where
      d(t) is observed data
      s(t) is synthetic data
      t_s is a cross-correlation time shift
      NF = Σ ∫ |d(t)|² dt is a normalization factor

    Misfit function type:
    WaveformMisfit

    Misfit function implementation:
    numba

    Number of misfit evaluations: 518,400

    percent finished:  0.0
    percent finished:  25.0
    percent finished:  50.0
    percent finished:  75.0

    Elapsed time (s): 2.432

    Misfit function evaluates
      (Σ ∫ |d(t) - s(t-t_s)|² dt) / NF

    where the sum is over components
      Z, R

    and where
      d(t) is observed data
      s(t) is synthetic data
      t_s is a cross-correlation time shift
      NF = Σ ∫ |d(t)|² dt is a normalization factor

    Misfit function type:
    WaveformMisfit

    Misfit function implementation:
    numba

    Number of misfit evaluations: 518,400

    percent finished:  0.0
    percent finished:  25.0
    percent finished:  50.0
    percent finished:  75.0

    Elapsed time (s): 1.566

  Mw 5.99: misfit = 0.189900
    Misfit function evaluates
      (Σ ∫ |d(t) - s(t-t_s)|² dt) / NF

    where the sum is over components
      Z, R, T

    and where
      d(t) is observed data
      s(t) is synthetic data
      t_s is a cross-correlation time shift
      NF = Σ ∫ |d(t)|² dt is a normalization factor

    Misfit function type:
    WaveformMisfit

    Misfit function implementation:
    numba

    Number of misfit evaluations: 518,400

    percent finished:  0.0
    percent finished:  25.0
    percent finished:  50.0
    percent finished:  75.0

    Elapsed time (s): 2.446

    Misfit function evaluates
      (Σ ∫ |d(t) - s(t-t_s)|² dt) / NF

    where the sum is over components
      Z, R

    and where
      d(t) is observed data
      s(t) is synthetic data
      t_s is a cross-correlation time shift
      NF = Σ ∫ |d(t)|² dt is a normalization factor

    Misfit function type:
    WaveformMisfit

    Misfit function implementation:
    numba

    Number of misfit evaluations: 518,400

    percent finished:  0.0
    percent finished:  25.0
    percent finished:  50.0
    percent finished:  75.0

    Elapsed time (s): 1.541

  Mw 6.00: misfit = 0.185772
    Misfit function evaluates
      (Σ ∫ |d(t) - s(t-t_s)|² dt) / NF

    where the sum is over components
      Z, R, T

    and where
      d(t) is observed data
      s(t) is synthetic data
      t_s is a cross-correlation time shift
      NF = Σ ∫ |d(t)|² dt is a normalization factor

    Misfit function type:
    WaveformMisfit

    Misfit function implementation:
    numba

    Number of misfit evaluations: 518,400

    percent finished:  0.0
    percent finished:  25.0
    percent finished:  50.0
    percent finished:  75.0

    Elapsed time (s): 2.440

    Misfit function evaluates
      (Σ ∫ |d(t) - s(t-t_s)|² dt) / NF

    where the sum is over components
      Z, R

    and where
      d(t) is observed data
      s(t) is synthetic data
      t_s is a cross-correlation time shift
      NF = Σ ∫ |d(t)|² dt is a normalization factor

    Misfit function type:
    WaveformMisfit

    Misfit function implementation:
    numba

    Number of misfit evaluations: 518,400

    percent finished:  0.0
    percent finished:  25.0
    percent finished:  50.0
    percent finished:  75.0

    Elapsed time (s): 1.539

  Mw 6.01: misfit = 0.183241
    Misfit function evaluates
      (Σ ∫ |d(t) - s(t-t_s)|² dt) / NF

    where the sum is over components
      Z, R, T

    and where
      d(t) is observed data
      s(t) is synthetic data
      t_s is a cross-correlation time shift
      NF = Σ ∫ |d(t)|² dt is a normalization factor

    Misfit function type:
    WaveformMisfit

    Misfit function implementation:
    numba

    Number of misfit evaluations: 518,400

    percent finished:  0.0
    percent finished:  25.0
    percent finished:  50.0
    percent finished:  75.0

    Elapsed time (s): 2.438

    Misfit function evaluates
      (Σ ∫ |d(t) - s(t-t_s)|² dt) / NF

    where the sum is over components
      Z, R

    and where
      d(t) is observed data
      s(t) is synthetic data
      t_s is a cross-correlation time shift
      NF = Σ ∫ |d(t)|² dt is a normalization factor

    Misfit function type:
    WaveformMisfit

    Misfit function implementation:
    numba

    Number of misfit evaluations: 518,400

    percent finished:  0.0
    percent finished:  25.0
    percent finished:  50.0
    percent finished:  75.0

    Elapsed time (s): 1.555

  Mw 6.02: misfit = 0.182485
    Misfit function evaluates
      (Σ ∫ |d(t) - s(t-t_s)|² dt) / NF

    where the sum is over components
      Z, R, T

    and where
      d(t) is observed data
      s(t) is synthetic data
      t_s is a cross-correlation time shift
      NF = Σ ∫ |d(t)|² dt is a normalization factor

    Misfit function type:
    WaveformMisfit

    Misfit function implementation:
    numba

    Number of misfit evaluations: 518,400

    percent finished:  0.0
    percent finished:  25.0
    percent finished:  50.0
    percent finished:  75.0

    Elapsed time (s): 2.433

    Misfit function evaluates
      (Σ ∫ |d(t) - s(t-t_s)|² dt) / NF

    where the sum is over components
      Z, R

    and where
      d(t) is observed data
      s(t) is synthetic data
      t_s is a cross-correlation time shift
      NF = Σ ∫ |d(t)|² dt is a normalization factor

    Misfit function type:
    WaveformMisfit

    Misfit function implementation:
    numba

    Number of misfit evaluations: 518,400

    percent finished:  0.0
    percent finished:  25.0
    percent finished:  50.0
    percent finished:  75.0

    Elapsed time (s): 1.575

  Mw 6.03: misfit = 0.183702
    Misfit function evaluates
      (Σ ∫ |d(t) - s(t-t_s)|² dt) / NF

    where the sum is over components
      Z, R, T

    and where
      d(t) is observed data
      s(t) is synthetic data
      t_s is a cross-correlation time shift
      NF = Σ ∫ |d(t)|² dt is a normalization factor

    Misfit function type:
    WaveformMisfit

    Misfit function implementation:
    numba

    Number of misfit evaluations: 518,400

    percent finished:  0.0
    percent finished:  25.0
    percent finished:  50.0
    percent finished:  75.0

    Elapsed time (s): 2.430

    Misfit function evaluates
      (Σ ∫ |d(t) - s(t-t_s)|² dt) / NF

    where the sum is over components
      Z, R

    and where
      d(t) is observed data
      s(t) is synthetic data
      t_s is a cross-correlation time shift
      NF = Σ ∫ |d(t)|² dt is a normalization factor

    Misfit function type:
    WaveformMisfit

    Misfit function implementation:
    numba

    Number of misfit evaluations: 518,400

    percent finished:  0.0
    percent finished:  25.0
    percent finished:  50.0
    percent finished:  75.0

    Elapsed time (s): 1.569

  Mw 6.04: misfit = 0.187104
    Misfit function evaluates
      (Σ ∫ |d(t) - s(t-t_s)|² dt) / NF

    where the sum is over components
      Z, R, T

    and where
      d(t) is observed data
      s(t) is synthetic data
      t_s is a cross-correlation time shift
      NF = Σ ∫ |d(t)|² dt is a normalization factor

    Misfit function type:
    WaveformMisfit

    Misfit function implementation:
    numba

    Number of misfit evaluations: 518,400

    percent finished:  0.0
    percent finished:  25.0
    percent finished:  50.0
    percent finished:  75.0

    Elapsed time (s): 2.430

    Misfit function evaluates
      (Σ ∫ |d(t) - s(t-t_s)|² dt) / NF

    where the sum is over components
      Z, R

    and where
      d(t) is observed data
      s(t) is synthetic data
      t_s is a cross-correlation time shift
      NF = Σ ∫ |d(t)|² dt is a normalization factor

    Misfit function type:
    WaveformMisfit

    Misfit function implementation:
    numba

    Number of misfit evaluations: 518,400

    percent finished:  0.0
    percent finished:  25.0
    percent finished:  50.0
    percent finished:  75.0

    Elapsed time (s): 1.566

  Mw 6.05: misfit = 0.192920
    Misfit function evaluates
      (Σ ∫ |d(t) - s(t-t_s)|² dt) / NF

    where the sum is over components
      Z, R, T

    and where
      d(t) is observed data
      s(t) is synthetic data
      t_s is a cross-correlation time shift
      NF = Σ ∫ |d(t)|² dt is a normalization factor

    Misfit function type:
    WaveformMisfit

    Misfit function implementation:
    numba

    Number of misfit evaluations: 518,400

    percent finished:  0.0
    percent finished:  25.0
    percent finished:  50.0
    percent finished:  75.0

    Elapsed time (s): 2.425

    Misfit function evaluates
      (Σ ∫ |d(t) - s(t-t_s)|² dt) / NF

    where the sum is over components
      Z, R

    and where
      d(t) is observed data
      s(t) is synthetic data
      t_s is a cross-correlation time shift
      NF = Σ ∫ |d(t)|² dt is a normalization factor

    Misfit function type:
    WaveformMisfit

    Misfit function implementation:
    numba

    Number of misfit evaluations: 518,400

    percent finished:  0.0
    percent finished:  25.0
    percent finished:  50.0
    percent finished:  75.0

    Elapsed time (s): 1.564

  Mw 6.06: misfit = 0.200931
    Misfit function evaluates
      (Σ ∫ |d(t) - s(t-t_s)|² dt) / NF

    where the sum is over components
      Z, R, T

    and where
      d(t) is observed data
      s(t) is synthetic data
      t_s is a cross-correlation time shift
      NF = Σ ∫ |d(t)|² dt is a normalization factor

    Misfit function type:
    WaveformMisfit

    Misfit function implementation:
    numba

    Number of misfit evaluations: 518,400

    percent finished:  0.0
    percent finished:  25.0
    percent finished:  50.0
    percent finished:  75.0

    Elapsed time (s): 2.443

    Misfit function evaluates
      (Σ ∫ |d(t) - s(t-t_s)|² dt) / NF

    where the sum is over components
      Z, R

    and where
      d(t) is observed data
      s(t) is synthetic data
      t_s is a cross-correlation time shift
      NF = Σ ∫ |d(t)|² dt is a normalization factor

    Misfit function type:
    WaveformMisfit

    Misfit function implementation:
    numba

    Number of misfit evaluations: 518,400

    percent finished:  0.0
    percent finished:  25.0
    percent finished:  50.0
    percent finished:  75.0

    Elapsed time (s): 1.537

  Mw 6.07: misfit = 0.210736
    Misfit function evaluates
      (Σ ∫ |d(t) - s(t-t_s)|² dt) / NF

    where the sum is over components
      Z, R, T

    and where
      d(t) is observed data
      s(t) is synthetic data
      t_s is a cross-correlation time shift
      NF = Σ ∫ |d(t)|² dt is a normalization factor

    Misfit function type:
    WaveformMisfit

    Misfit function implementation:
    numba

    Number of misfit evaluations: 518,400

    percent finished:  0.0
    percent finished:  25.0
    percent finished:  50.0
    percent finished:  75.0

    Elapsed time (s): 2.405

    Misfit function evaluates
      (Σ ∫ |d(t) - s(t-t_s)|² dt) / NF

    where the sum is over components
      Z, R

    and where
      d(t) is observed data
      s(t) is synthetic data
      t_s is a cross-correlation time shift
      NF = Σ ∫ |d(t)|² dt is a normalization factor

    Misfit function type:
    WaveformMisfit

    Misfit function implementation:
    numba

    Number of misfit evaluations: 518,400

    percent finished:  0.0
    percent finished:  25.0
    percent finished:  50.0
    percent finished:  75.0

    Elapsed time (s): 1.537

  Mw 6.08: misfit = 0.222160
    Misfit function evaluates
      (Σ ∫ |d(t) - s(t-t_s)|² dt) / NF

    where the sum is over components
      Z, R, T

    and where
      d(t) is observed data
      s(t) is synthetic data
      t_s is a cross-correlation time shift
      NF = Σ ∫ |d(t)|² dt is a normalization factor

    Misfit function type:
    WaveformMisfit

    Misfit function implementation:
    numba

    Number of misfit evaluations: 518,400

    percent finished:  0.0
    percent finished:  25.0
    percent finished:  50.0
    percent finished:  75.0

    Elapsed time (s): 2.408

    Misfit function evaluates
      (Σ ∫ |d(t) - s(t-t_s)|² dt) / NF

    where the sum is over components
      Z, R

    and where
      d(t) is observed data
      s(t) is synthetic data
      t_s is a cross-correlation time shift
      NF = Σ ∫ |d(t)|² dt is a normalization factor

    Misfit function type:
    WaveformMisfit

    Misfit function implementation:
    numba

    Number of misfit evaluations: 518,400

    percent finished:  0.0
    percent finished:  25.0
    percent finished:  50.0
    percent finished:  75.0

    Elapsed time (s): 1.531

  Mw 6.09: misfit = 0.238839
    Misfit function evaluates
      (Σ ∫ |d(t) - s(t-t_s)|² dt) / NF

    where the sum is over components
      Z, R, T

    and where
      d(t) is observed data
      s(t) is synthetic data
      t_s is a cross-correlation time shift
      NF = Σ ∫ |d(t)|² dt is a normalization factor

    Misfit function type:
    WaveformMisfit

    Misfit function implementation:
    numba

    Number of misfit evaluations: 518,400

    percent finished:  0.0
    percent finished:  25.0
    percent finished:  50.0
    percent finished:  75.0

    Elapsed time (s): 2.426

    Misfit function evaluates
      (Σ ∫ |d(t) - s(t-t_s)|² dt) / NF

    where the sum is over components
      Z, R

    and where
      d(t) is observed data
      s(t) is synthetic data
      t_s is a cross-correlation time shift
      NF = Σ ∫ |d(t)|² dt is a normalization factor

    Misfit function type:
    WaveformMisfit

    Misfit function implementation:
    numba

    Number of misfit evaluations: 518,400

    percent finished:  0.0
    percent finished:  25.0
    percent finished:  50.0
    percent finished:  75.0

    Elapsed time (s): 1.563

  Mw 6.10: misfit = 0.248636
    Misfit function evaluates
      (Σ ∫ |d(t) - s(t-t_s)|² dt) / NF

    where the sum is over components
      Z, R, T

    and where
      d(t) is observed data
      s(t) is synthetic data
      t_s is a cross-correlation time shift
      NF = Σ ∫ |d(t)|² dt is a normalization factor

    Misfit function type:
    WaveformMisfit

    Misfit function implementation:
    numba

    Number of misfit evaluations: 518,400

    percent finished:  0.0
    percent finished:  25.0
    percent finished:  50.0
    percent finished:  75.0

    Elapsed time (s): 2.428

    Misfit function evaluates
      (Σ ∫ |d(t) - s(t-t_s)|² dt) / NF

    where the sum is over components
      Z, R

    and where
      d(t) is observed data
      s(t) is synthetic data
      t_s is a cross-correlation time shift
      NF = Σ ∫ |d(t)|² dt is a normalization factor

    Misfit function type:
    WaveformMisfit

    Misfit function implementation:
    numba

    Number of misfit evaluations: 518,400

    percent finished:  0.0
    percent finished:  25.0
    percent finished:  50.0
    percent finished:  75.0

    Elapsed time (s): 1.561

  Mw 6.11: misfit = 0.259083
    Misfit function evaluates
      (Σ ∫ |d(t) - s(t-t_s)|² dt) / NF

    where the sum is over components
      Z, R, T

    and where
      d(t) is observed data
      s(t) is synthetic data
      t_s is a cross-correlation time shift
      NF = Σ ∫ |d(t)|² dt is a normalization factor

    Misfit function type:
    WaveformMisfit

    Misfit function implementation:
    numba

    Number of misfit evaluations: 518,400

    percent finished:  0.0
    percent finished:  25.0
    percent finished:  50.0
    percent finished:  75.0

    Elapsed time (s): 2.431

    Misfit function evaluates
      (Σ ∫ |d(t) - s(t-t_s)|² dt) / NF

    where the sum is over components
      Z, R

    and where
      d(t) is observed data
      s(t) is synthetic data
      t_s is a cross-correlation time shift
      NF = Σ ∫ |d(t)|² dt is a normalization factor

    Misfit function type:
    WaveformMisfit

    Misfit function implementation:
    numba

    Number of misfit evaluations: 518,400

    percent finished:  0.0
    percent finished:  25.0
    percent finished:  50.0
    percent finished:  75.0

    Elapsed time (s): 1.571

  Mw 6.12: misfit = 0.272533
    Misfit function evaluates
      (Σ ∫ |d(t) - s(t-t_s)|² dt) / NF

    where the sum is over components
      Z, R, T

    and where
      d(t) is observed data
      s(t) is synthetic data
      t_s is a cross-correlation time shift
      NF = Σ ∫ |d(t)|² dt is a normalization factor

    Misfit function type:
    WaveformMisfit

    Misfit function implementation:
    numba

    Number of misfit evaluations: 518,400

    percent finished:  0.0
    percent finished:  25.0
    percent finished:  50.0
    percent finished:  75.0

    Elapsed time (s): 2.464

    Misfit function evaluates
      (Σ ∫ |d(t) - s(t-t_s)|² dt) / NF

    where the sum is over components
      Z, R

    and where
      d(t) is observed data
      s(t) is synthetic data
      t_s is a cross-correlation time shift
      NF = Σ ∫ |d(t)|² dt is a normalization factor

    Misfit function type:
    WaveformMisfit

    Misfit function implementation:
    numba

    Number of misfit evaluations: 518,400

    percent finished:  0.0
    percent finished:  25.0
    percent finished:  50.0
    percent finished:  75.0

    Elapsed time (s): 1.559

  Mw 6.13: misfit = 0.289280
/workspace/mtuq/graphics/uq/_matplotlib.py:849: UserWarning: '
'
    You are using the new matplotlib visualization backend, which is currently
    being tested. If you encounter issues or unexpected behavior, please report
    them on GitHub.
       
  warnings.warn(
    Misfit function evaluates
      (Σ ∫ |d(t) - s(t-t_s)|² dt) / NF

    where the sum is over components
      Z, R, T

    and where
      d(t) is observed data
      s(t) is synthetic data
      t_s is a cross-correlation time shift
      NF = Σ ∫ |d(t)|² dt is a normalization factor

    Misfit function type:
    WaveformMisfit

    Misfit function implementation:
    numba

    Number of misfit evaluations: 518,400

    percent finished:  0.0
    percent finished:  25.0
    percent finished:  50.0
    percent finished:  75.0

    Elapsed time (s): 2.429

    Misfit function evaluates
      (Σ ∫ |d(t) - s(t-t_s)|² dt) / NF

    where the sum is over components
      Z, R

    and where
      d(t) is observed data
      s(t) is synthetic data
      t_s is a cross-correlation time shift
      NF = Σ ∫ |d(t)|² dt is a normalization factor

    Misfit function type:
    WaveformMisfit

    Misfit function implementation:
    numba

    Number of misfit evaluations: 518,400

    percent finished:  0.0
    percent finished:  25.0
    percent finished:  50.0
    percent finished:  75.0

    Elapsed time (s): 1.560

  Mw 6.14: misfit = 0.305770
    Misfit function evaluates
      (Σ ∫ |d(t) - s(t-t_s)|² dt) / NF

    where the sum is over components
      Z, R, T

    and where
      d(t) is observed data
      s(t) is synthetic data
      t_s is a cross-correlation time shift
      NF = Σ ∫ |d(t)|² dt is a normalization factor

    Misfit function type:
    WaveformMisfit

    Misfit function implementation:
    numba

    Number of misfit evaluations: 518,400

    percent finished:  0.0
    percent finished:  25.0
    percent finished:  50.0
    percent finished:  75.0

    Elapsed time (s): 2.412

    Misfit function evaluates
      (Σ ∫ |d(t) - s(t-t_s)|² dt) / NF

    where the sum is over components
      Z, R

    and where
      d(t) is observed data
      s(t) is synthetic data
      t_s is a cross-correlation time shift
      NF = Σ ∫ |d(t)|² dt is a normalization factor

    Misfit function type:
    WaveformMisfit

    Misfit function implementation:
    numba

    Number of misfit evaluations: 518,400

    percent finished:  0.0
    percent finished:  25.0
    percent finished:  50.0
    percent finished:  75.0

    Elapsed time (s): 1.558

  Mw 6.15: misfit = 0.324229

======================================================================
FINAL RESULTS (dM = 0.01)
======================================================================

Best-fitting moment tensor:
  Magnitude (Mw): 6.02
  Moment (M0): 1.35e+18 N·m

Source parameters:
  kappa (strike): 225.0°
  sigma (slip): -52.5°
  h (cos dip): 0.125
  dip: 82.8°

Lune coordinates:
  v: -0.333
  w: 0.000
  rho: 1.91e+18

*** FINAL MISFIT: 0.182485 ***
*** VARIANCE REDUCTION: 81.8% ***

Moment tensor components (N·m):
  Mrr: -2.68e+17
  Mtt: -6.47e+17
  Mpp: 9.15e+17
  Mrt: 2.86e+17
  Mrp: 9.24e+17
  Mtp: 4.68e+17

Generating output files...
  Created waveform plot
  Created beachball plot

  Created misfit lune plot
  Saved solution JSON

Results saved to: /workspace/inversion_ak2025xjbvhj/results_highquality_fine

======================================================================
